This a PR tests
